------------------------------------------------------------
TimeQuest Timing Analyzer Summary
------------------------------------------------------------

Type  : Slow 1100mV 85C Model Setup 'globalClock'
Slack : -1.237
TNS   : -17.060

Type  : Slow 1100mV 85C Model Hold 'globalClock'
Slack : 0.330
TNS   : 0.000

Type  : Slow 1100mV 85C Model Minimum Pulse Width 'globalClock'
Slack : -0.538
TNS   : -22.570

Type  : Slow 1100mV 0C Model Setup 'globalClock'
Slack : -1.199
TNS   : -17.104

Type  : Slow 1100mV 0C Model Hold 'globalClock'
Slack : 0.316
TNS   : 0.000

Type  : Slow 1100mV 0C Model Minimum Pulse Width 'globalClock'
Slack : -0.538
TNS   : -23.104

Type  : Fast 1100mV 85C Model Setup 'globalClock'
Slack : -0.028
TNS   : -0.214

Type  : Fast 1100mV 85C Model Hold 'globalClock'
Slack : 0.173
TNS   : 0.000

Type  : Fast 1100mV 85C Model Minimum Pulse Width 'globalClock'
Slack : -0.080
TNS   : -2.276

Type  : Fast 1100mV 0C Model Setup 'globalClock'
Slack : 0.035
TNS   : 0.000

Type  : Fast 1100mV 0C Model Hold 'globalClock'
Slack : 0.157
TNS   : 0.000

Type  : Fast 1100mV 0C Model Minimum Pulse Width 'globalClock'
Slack : -0.081
TNS   : -2.329

------------------------------------------------------------
