------------------------------------------------------------
TimeQuest Timing Analyzer Summary
------------------------------------------------------------

Type  : Slow 1100mV 85C Model Setup 'i_clock'
Slack : -2.585
TNS   : -2.585

Type  : Slow 1100mV 85C Model Hold 'i_clock'
Slack : -1.733
TNS   : -1.733

Type  : Slow 1100mV 85C Model Minimum Pulse Width 'i_clock'
Slack : -0.538
TNS   : -0.800

Type  : Slow 1100mV 0C Model Setup 'i_clock'
Slack : -2.537
TNS   : -2.537

Type  : Slow 1100mV 0C Model Hold 'i_clock'
Slack : -1.748
TNS   : -1.748

Type  : Slow 1100mV 0C Model Minimum Pulse Width 'i_clock'
Slack : -0.538
TNS   : -0.797

Type  : Fast 1100mV 85C Model Setup 'i_clock'
Slack : -0.846
TNS   : -0.846

Type  : Fast 1100mV 85C Model Hold 'i_clock'
Slack : -0.797
TNS   : -0.797

Type  : Fast 1100mV 85C Model Minimum Pulse Width 'i_clock'
Slack : -0.272
TNS   : -0.272

Type  : Fast 1100mV 0C Model Setup 'i_clock'
Slack : -0.804
TNS   : -0.804

Type  : Fast 1100mV 0C Model Hold 'i_clock'
Slack : -0.820
TNS   : -0.820

Type  : Fast 1100mV 0C Model Minimum Pulse Width 'i_clock'
Slack : -0.279
TNS   : -0.279

------------------------------------------------------------
